---
source: src/test.rs
expression: "parser.parse(indoc! {\n                \"\n            TAP version 14\n            1..1\n            ok 1 - desc # SKIP\n        \"\n            }).unwrap()"
---
- Plan:
    count: 1
    reason: ~
- TestPoint:
    result: true
    number: 1
    desc: desc
    directive:
      kind: Skip
      reason: ~
    yaml: []

